
> my-v0-project@0.1.0 build
> next build

node.exe : [baseline-browser-mapping] The data in this module is over two 
months old.  To ensure accurate Baseline data, please update: `npm i 
baseline-browser-mapping@latest -D`
At line:1 char:1
+ & "C:\Program Files\nodejs/node.exe" "C:\Program Files\nodejs/node_mo ...
+ ~~~~~~~~~~~~~~~~~~~~~~~~~~~~~~~~~~~~~~~~~~~~~~~~~~~~~~~~~~~~~~~~~~~~~
    + CategoryInfo          : NotSpecified: ([baseline-brows...ping@latest -D` 
   :String) [], RemoteException
    + FullyQualifiedErrorId : NativeCommandError
 
 ΓÜá Warning: Next.js inferred your workspace root, but it may not be correct.
 We detected multiple lockfiles and selected the directory of 
C:\Users\abdus\package-lock.json as the root directory.
 To silence this warning, set `turbopack.root` in your Next.js config, or 
consider removing one of the lockfiles if it's not needed.
   See https://nextjs.org/docs/app/api-reference/config/next-config-js/turbopac
k#root-directory for more information.
 Detected additional lockfiles: 
   * C:\Users\abdus\OneDrive\Documents\New folder\skincare\pnpm-lock.yaml

   Γû▓ Next.js 16.0.10 (Turbopack)
   - Environments: .env.local

 ΓÜá The "middleware" file convention is deprecated. Please use "proxy" 
instead. Learn more: https://nextjs.org/docs/messages/middleware-to-proxy
   Creating an optimized production build ...
[baseline-browser-mapping] The data in this module is over two months old.  To 
ensure accurate Baseline data, please update: `npm i 
baseline-browser-mapping@latest -D`
 Γ£ô Compiled successfully in 6.7s
   Skipping validation of types
   Collecting page data using 7 workers ...
[baseline-browser-mapping] The data in this module is over two months old.  To 
ensure accurate Baseline data, please update: `npm i 
baseline-browser-mapping@latest -D`
[baseline-browser-mapping] The data in this module is over two months old.  To 
ensure accurate Baseline data, please update: `npm i 
baseline-browser-mapping@latest -D`
[baseline-browser-mapping] The data in this module is over two months old.  To 
ensure accurate Baseline data, please update: `npm i 
baseline-browser-mapping@latest -D`
[baseline-browser-mapping] The data in this module is over two months old.  To 
ensure accurate Baseline data, please update: `npm i 
baseline-browser-mapping@latest -D`
[baseline-browser-mapping] The data in this module is over two months old.  To 
ensure accurate Baseline data, please update: `npm i 
baseline-browser-mapping@latest -D`
[baseline-browser-mapping] The data in this module is over two months old.  To 
ensure accurate Baseline data, please update: `npm i 
baseline-browser-mapping@latest -D`
[baseline-browser-mapping] The data in this module is over two months old.  To 
ensure accurate Baseline data, please update: `npm i 
baseline-browser-mapping@latest -D`
   Generating static pages using 7 workers (0/30) ...
[baseline-browser-mapping] The data in this module is over two months old.  To 
ensure accurate Baseline data, please update: `npm i 
baseline-browser-mapping@latest -D`
[baseline-browser-mapping] The data in this module is over two months old.  To 
ensure accurate Baseline data, please update: `npm i 
baseline-browser-mapping@latest -D`
   Generating static pages using 7 workers (7/30) 
   Generating static pages using 7 workers (14/30) 
Error fetching products: Error: Dynamic server usage: Route 
/[locale]/brand/[slug] couldn't be rendered statically because it used 
revalidate: 0 fetch /api/products?brand=Topicrem /[locale]/brand/[slug]. See 
more info here: https://nextjs.org/docs/messages/dynamic-server-error
    at v (C:\Users\abdus\OneDrive\Documents\New folder\skincare\.next\server\ch
unks\ssr\[root-of-the-server]__20840709._.js:1:35315)
    at <unknown> (C:\Users\abdus\OneDrive\Documents\New folder\skincare\.next\s
erver\chunks\ssr\[root-of-the-server]__20840709._.js:4:32222)
    at <unknown> (C:\Users\abdus\OneDrive\Documents\New 
folder\skincare\.next\server\chunks\ssr\b9a17_next_dist_92d1effa._.js:1:35524)
    at <unknown> (C:\Users\abdus\OneDrive\Documents\New 
folder\skincare\.next\server\chunks\ssr\b9a17_next_dist_92d1effa._.js:1:35069) 
{
  description: "Route /[locale]/brand/[slug] couldn't be rendered statically 
because it used revalidate: 0 fetch /api/products?brand=Topicrem 
/[locale]/brand/[slug]. See more info here: 
https://nextjs.org/docs/messages/dynamic-server-error",
  digest: 'DYNAMIC_SERVER_USAGE'
}
Error fetching products: Error: Dynamic server usage: Route 
/[locale]/brand/[slug] couldn't be rendered statically because it used 
revalidate: 0 fetch /api/products?brand=Topicrem /[locale]/brand/[slug]. See 
more info here: https://nextjs.org/docs/messages/dynamic-server-error
    at v (C:\Users\abdus\OneDrive\Documents\New folder\skincare\.next\server\ch
unks\ssr\[root-of-the-server]__20840709._.js:1:35315)
    at <unknown> (C:\Users\abdus\OneDrive\Documents\New folder\skincare\.next\s
erver\chunks\ssr\[root-of-the-server]__20840709._.js:4:32222)
    at <unknown> (C:\Users\abdus\OneDrive\Documents\New 
folder\skincare\.next\server\chunks\ssr\b9a17_next_dist_92d1effa._.js:1:35524)
    at <unknown> (C:\Users\abdus\OneDrive\Documents\New 
folder\skincare\.next\server\chunks\ssr\b9a17_next_dist_92d1effa._.js:1:35069) 
{
  description: "Route /[locale]/brand/[slug] couldn't be rendered statically 
because it used revalidate: 0 fetch /api/products?brand=Topicrem 
/[locale]/brand/[slug]. See more info here: 
https://nextjs.org/docs/messages/dynamic-server-error",
  digest: 'DYNAMIC_SERVER_USAGE'
}
   Generating static pages using 7 workers (22/30) 
Error fetching products: Error: Dynamic server usage: Route 
/[locale]/brand/[slug] couldn't be rendered statically because it used 
revalidate: 0 fetch /api/products?brand=Novexpert /[locale]/brand/[slug]. See 
more info here: https://nextjs.org/docs/messages/dynamic-server-error
    at v (C:\Users\abdus\OneDrive\Documents\New folder\skincare\.next\server\ch
unks\ssr\[root-of-the-server]__20840709._.js:1:35315)
    at <unknown> (C:\Users\abdus\OneDrive\Documents\New folder\skincare\.next\s
erver\chunks\ssr\[root-of-the-server]__20840709._.js:4:32222)
    at <unknown> (C:\Users\abdus\OneDrive\Documents\New 
folder\skincare\.next\server\chunks\ssr\b9a17_next_dist_92d1effa._.js:1:35524)
    at <unknown> (C:\Users\abdus\OneDrive\Documents\New 
folder\skincare\.next\server\chunks\ssr\b9a17_next_dist_92d1effa._.js:1:35069) 
{
  description: "Route /[locale]/brand/[slug] couldn't be rendered statically 
because it used revalidate: 0 fetch /api/products?brand=Novexpert 
/[locale]/brand/[slug]. See more info here: 
https://nextjs.org/docs/messages/dynamic-server-error",
  digest: 'DYNAMIC_SERVER_USAGE'
}
Error fetching products: Error: Dynamic server usage: Route 
/[locale]/brand/[slug] couldn't be rendered statically because it used 
revalidate: 0 fetch /api/products?brand=Novexpert /[locale]/brand/[slug]. See 
more info here: https://nextjs.org/docs/messages/dynamic-server-error
    at v (C:\Users\abdus\OneDrive\Documents\New folder\skincare\.next\server\ch
unks\ssr\[root-of-the-server]__20840709._.js:1:35315)
    at <unknown> (C:\Users\abdus\OneDrive\Documents\New folder\skincare\.next\s
erver\chunks\ssr\[root-of-the-server]__20840709._.js:4:32222)
    at <unknown> (C:\Users\abdus\OneDrive\Documents\New 
folder\skincare\.next\server\chunks\ssr\b9a17_next_dist_92d1effa._.js:1:35524)
    at <unknown> (C:\Users\abdus\OneDrive\Documents\New 
folder\skincare\.next\server\chunks\ssr\b9a17_next_dist_92d1effa._.js:1:35069) 
{
  description: "Route /[locale]/brand/[slug] couldn't be rendered statically 
because it used revalidate: 0 fetch /api/products?brand=Novexpert 
/[locale]/brand/[slug]. See more info here: 
https://nextjs.org/docs/messages/dynamic-server-error",
  digest: 'DYNAMIC_SERVER_USAGE'
}
 Γ£ô Generating static pages using 7 workers (30/30) in 1401.8ms
   Finalizing page optimization ...

Route (app)
Γöî Γùï /_not-found
Γö£ ΓùÅ /[locale]
Γöé Γö£ /ar
Γöé Γöö /en
Γö£ ΓùÅ /[locale]/about
Γöé Γö£ /ar/about
Γöé Γöö /en/about
Γö£ ΓùÅ /[locale]/admin
Γöé Γö£ /ar/admin
Γöé Γöö /en/admin
Γö£ ΓùÅ /[locale]/admin/dashboard
Γöé Γö£ /ar/admin/dashboard
Γöé Γöö /en/admin/dashboard
Γö£ ΓùÅ /[locale]/admin/products
Γöé Γö£ /ar/admin/products
Γöé Γöö /en/admin/products
Γö£ ╞Æ /[locale]/brand/[slug]
Γö£ ΓùÅ /[locale]/cart
Γöé Γö£ /ar/cart
Γöé Γöö /en/cart
Γö£ ΓùÅ /[locale]/checkout
Γöé Γö£ /ar/checkout
Γöé Γöö /en/checkout
Γö£ ΓùÅ /[locale]/contact
Γöé Γö£ /ar/contact
Γöé Γöö /en/contact
Γö£ ΓùÅ /[locale]/order-confirmed
Γöé Γö£ /ar/order-confirmed
Γöé Γöö /en/order-confirmed
Γö£ ╞Æ /[locale]/product/[id]
Γö£ ╞Æ /api/analytics
Γö£ ╞Æ /api/auth/login
Γö£ ╞Æ /api/messages
Γö£ ╞Æ /api/orders
Γö£ ╞Æ /api/orders/[id]
Γö£ ╞Æ /api/products
Γö£ ╞Æ /api/products/[id]
Γöö ╞Æ /api/upload/upload


╞Æ Proxy (Middleware)

Γùï  (Static)   prerendered as static content
ΓùÅ  (SSG)      prerendered as static HTML (uses generateStaticParams)
╞Æ  (Dynamic)  server-rendered on demand

